============================= test session starts =============================
platform win32 -- Python 3.12.10, pytest-9.0.2, pluggy-1.6.0 -- C:\Users\vrishn viswa\AppData\Local\Microsoft\WindowsApps\PythonSoftwareFoundation.Python.3.12_qbz5n2kfra8p0\python.exe
cachedir: .pytest_cache
rootdir: C:\Users\vrishn viswa\Documents\GitHub\AI-Research-Agent
configfile: pytest.ini
plugins: anyio-4.11.0, asyncio-1.3.0, cov-7.0.0, mock-3.15.1
asyncio: mode=Mode.STRICT, debug=False, asyncio_default_fixture_loop_scope=None, asyncio_default_test_loop_scope=function
collecting ... collected 10 items

tests/test_search.py::TestSearchResult::test_search_result_initialization PASSED [ 10%]
tests/test_search.py::TestSearchResult::test_search_result_domain_extraction PASSED [ 20%]
tests/test_search.py::TestSearchResult::test_search_result_domain_extraction_no_www PASSED [ 30%]
tests/test_search.py::TestSearchResult::test_search_result_domain_extraction_with_www PASSED [ 40%]
tests/test_search.py::TestSearchResult::test_search_result_invalid_url PASSED [ 50%]
tests/test_search.py::TestSearchResult::test_search_result_empty_url PASSED [ 60%]
tests/test_search.py::TestSearchResult::test_search_result_default_values PASSED [ 70%]
tests/test_search.py::TestSearchResult::test_search_result_source_types PASSED [ 80%]
tests/test_search.py::TestSearchResult::test_search_result_credibility_assignment PASSED [ 90%]
tests/test_search.py::TestSearchResult::test_search_result_domain_special_cases PASSED [100%]

============================= 10 passed in 0.92s ==============================
